// Jest Snapshot v1, https://jestjs.io/docs/snapshot-testing

exports[`chip schema resolves the expected default token tree 1`] = `
Object {
  "defaultVariant": Object {
    "defaultState": Object {
      "border": Object {
        "color": "{{primitives.defaultVariant.defaultState.defaultSeverity.border.color}}",
        "offset": "{{primitives.border.offset.none}}",
        "radius": "{{primitives.border.radius.none}}",
        "style": "{{primitives.defaultVariant.defaultState.defaultSeverity.border.style}}",
        "width": "{{primitives.border.width.none}}",
      },
      "color": "{{primitives.defaultVariant.defaultState.defaultSeverity.contrast}}",
      "focusRing": Object {
        "color": "{{primitives.defaultVariant.defaultState.defaultSeverity.focusRing.color}}",
        "offset": "{{primitives.focusRing.offset.none}}",
        "radius": "{{primitives.focusRing.radius.none}}",
        "shadow": "{{primitives.focusRing.shadow.none}}",
        "style": "{{primitives.defaultVariant.defaultState.defaultSeverity.focusRing.style}}",
        "width": "{{primitives.focusRing.width.none}}",
      },
      "icon": Object {
        "color": "{{primitives.defaultVariant.defaultState.defaultSeverity.contrast}}",
        "font": Object {
          "family": "{{primitives.font.family}}",
          "letterSpacing": "{{primitives.font.letterSpacing}}",
          "lineHeight": "{{primitives.font.lineHeight}}",
          "size": "{{primitives.font.size}}",
          "style": "{{primitives.font.style}}",
          "weight": "{{primitives.font.weight}}",
        },
        "size": "{{primitives.iconSizes.sm}}",
      },
      "paddingX": "{{primitives.space.sm}}",
      "paddingY": "{{primitives.space.xs}}",
    },
    "disabled": Object {
      "border": Object {
        "color": "{{primitives.defaultVariant.state.disabled.defaultSeverity.border.color}}",
        "style": "{{primitives.defaultVariant.state.disabled.defaultSeverity.border.style}}",
      },
      "color": "{{primitives.defaultVariant.state.disabled.defaultSeverity.contrast}}",
      "cursor": "not-allowed",
    },
    "hover": Object {
      "border": Object {
        "color": "{{primitives.defaultVariant.state.hover.defaultSeverity.border.color}}",
        "style": "{{primitives.defaultVariant.state.hover.defaultSeverity.border.style}}",
      },
      "color": "{{primitives.defaultVariant.state.hover.defaultSeverity.contrast}}",
      "cursor": "pointer",
    },
  },
  "filled": Object {
    "defaultState": Object {
      "background": "{{primitives.defaultVariant.defaultState.defaultSeverity.bg}}",
      "border": Object {
        "color": "{{primitives.defaultVariant.defaultState.defaultSeverity.border.color}}",
        "offset": "{{primitives.border.offset.none}}",
        "radius": "{{primitives.border.radius.none}}",
        "style": "{{primitives.defaultVariant.defaultState.defaultSeverity.border.style}}",
        "width": "{{primitives.border.width.none}}",
      },
      "color": "{{primitives.defaultVariant.defaultState.defaultSeverity.contrast}}",
    },
    "disabled": Object {
      "background": "{{primitives.defaultVariant.state.disabled.defaultSeverity.bg}}",
      "border": Object {
        "color": "{{primitives.defaultVariant.state.disabled.defaultSeverity.border.color}}",
        "style": "{{primitives.defaultVariant.state.disabled.defaultSeverity.border.style}}",
      },
      "color": "{{primitives.defaultVariant.state.disabled.defaultSeverity.contrast}}",
    },
    "hover": Object {
      "background": "{{primitives.defaultVariant.state.hover.defaultSeverity.bg}}",
      "border": Object {
        "color": "{{primitives.defaultVariant.state.hover.defaultSeverity.border.color}}",
        "style": "{{primitives.defaultVariant.state.hover.defaultSeverity.border.style}}",
      },
      "color": "{{primitives.defaultVariant.state.hover.defaultSeverity.contrast}}",
    },
  },
  "settings": Object {
    "disabled": false,
    "removable": false,
    "unstyled": false,
  },
}
`;
