// Jest Snapshot v1, https://jestjs.io/docs/snapshot-testing

exports[`diagram schema resolves the expected default token tree 1`] = `
Object {
  "container": Object {
    "background": "{{primitives.area.surface.defaultState.defaultSeverity.bg}}",
    "color": "{{primitives.area.surface.defaultState.defaultSeverity.contrast}}",
    "paddingX": "{{primitives.space.xs}}",
    "paddingY": "{{primitives.space.xs}}",
  },
  "description": Object {
    "font": Object {
      "family": "{{primitives.font.family}}",
      "size": "{{primitives.font.size}}",
      "weight": "{{primitives.font.weight}}",
    },
  },
  "footer": Object {
    "font": Object {
      "family": "{{primitives.font.family}}",
      "size": "{{primitives.font.size}}",
      "weight": "{{primitives.font.weight}}",
    },
  },
  "header": Object {
    "font": Object {
      "family": "{{primitives.font.family}}",
      "size": "{{primitives.font.size}}",
      "weight": "{{primitives.font.weight}}",
    },
  },
  "selectButton": Object {
    "paddingX": ZodDefault {
      "def": Object {
        "defaultValue": "{{primitives.space.xs}}",
        "innerType": ZodUnion {
          "def": Object {
            "options": Array [
              ZodString {
                "def": Object {
                  "type": "string",
                },
                "type": "string",
              },
              ZodString {
                "def": Object {
                  "checks": Array [
                    $ZodCheckRegex {},
                  ],
                  "type": "string",
                },
                "register": [Function],
                "type": "string",
              },
            ],
            "type": "union",
          },
          "default": [Function],
          "options": Array [
            ZodString {
              "def": Object {
                "type": "string",
              },
              "type": "string",
            },
            ZodString {
              "def": Object {
                "checks": Array [
                  $ZodCheckRegex {},
                ],
                "type": "string",
              },
              "register": [Function],
              "type": "string",
            },
          ],
          "type": "union",
        },
        "type": "default",
      },
      "removeDefault": [Function],
      "type": "default",
      "unwrap": [Function],
    },
    "paddingY": ZodDefault {
      "def": Object {
        "defaultValue": "{{primitives.space.xs}}",
        "innerType": ZodUnion {
          "def": Object {
            "options": Array [
              ZodString {
                "def": Object {
                  "type": "string",
                },
                "type": "string",
              },
              ZodString {
                "def": Object {
                  "checks": Array [
                    $ZodCheckRegex {},
                  ],
                  "type": "string",
                },
                "register": [Function],
                "type": "string",
              },
            ],
            "type": "union",
          },
          "default": [Function],
          "options": Array [
            ZodString {
              "def": Object {
                "type": "string",
              },
              "type": "string",
            },
            ZodString {
              "def": Object {
                "checks": Array [
                  $ZodCheckRegex {},
                ],
                "type": "string",
              },
              "register": [Function],
              "type": "string",
            },
          ],
          "type": "union",
        },
        "type": "default",
      },
      "removeDefault": [Function],
      "type": "default",
      "unwrap": [Function],
    },
  },
}
`;
