// Jest Snapshot v1, https://jestjs.io/docs/snapshot-testing

exports[`data-table schema resolves the expected default token tree 1`] = `
Object {
  "base": Object {
    "background": "{{primitives.area.surface.defaultState.defaultSeverity.bg}}",
    "border": Object {
      "color": "{{primitives.defaultVariant.defaultState.defaultSeverity.border.color}}",
      "offset": "{{primitives.border.offset.none}}",
      "radius": "{{primitives.border.radius.none}}",
      "style": "{{primitives.defaultVariant.defaultState.defaultSeverity.border.style}}",
      "width": "{{primitives.border.width.none}}",
    },
    "borderCollapse": "separate",
    "color": "{{primitives.area.surface.defaultState.defaultSeverity.contrast}}",
    "font": Object {
      "family": "{{primitives.font.family}}",
      "letterSpacing": "{{primitives.font.letterSpacing}}",
      "lineHeight": "{{primitives.font.lineHeight}}",
      "size": "{{primitives.font.size}}",
      "style": "{{primitives.font.style}}",
      "weight": "{{primitives.font.weight}}",
    },
    "paddingX": "{{primitives.space.md}}",
    "paddingY": "{{primitives.space.md}}",
    "shadow": "{{primitives.shadow.none}}",
    "textAlign": "left",
  },
  "columnTitle": Object {
    "font": Object {
      "weight": "{{primitives.font.weight}}",
    },
  },
  "footer": Object {
    "background": "{{primitives.area.surface.defaultState.defaultSeverity.bg}}",
    "border": Object {
      "color": "{{primitives.defaultVariant.defaultState.defaultSeverity.border.color}}",
      "offset": "{{primitives.border.offset.none}}",
      "radius": "{{primitives.border.radius.none}}",
      "style": "{{primitives.defaultVariant.defaultState.defaultSeverity.border.style}}",
      "width": "{{primitives.border.width.none}}",
    },
    "cell": Object {
      "active": Object {
        "background": "{{primitives.defaultVariant.state.active.defaultSeverity.bg}}",
        "border": Object {
          "color": "{{primitives.defaultVariant.state.active.defaultSeverity.border.color}}",
          "offset": "{{primitives.border.offset.none}}",
          "radius": "{{primitives.border.radius.none}}",
          "style": "{{primitives.defaultVariant.state.active.defaultSeverity.border.style}}",
          "width": "{{primitives.border.width.none}}",
        },
        "color": "{{primitives.defaultVariant.state.active.defaultSeverity.contrast}}",
      },
      "defaultState": Object {
        "background": "{{primitives.area.surface.defaultState.defaultSeverity.bg}}",
        "border": Object {
          "color": "{{primitives.defaultVariant.defaultState.defaultSeverity.border.color}}",
          "offset": "{{primitives.border.offset.none}}",
          "radius": "{{primitives.border.radius.none}}",
          "style": "{{primitives.defaultVariant.defaultState.defaultSeverity.border.style}}",
          "width": "{{primitives.border.width.none}}",
        },
        "color": "{{primitives.area.surface.defaultState.defaultSeverity.contrast}}",
        "font": Object {
          "family": "{{primitives.font.family}}",
          "letterSpacing": "{{primitives.font.letterSpacing}}",
          "lineHeight": "{{primitives.font.lineHeight}}",
          "size": "{{primitives.font.size}}",
          "style": "{{primitives.font.style}}",
          "weight": "{{primitives.font.weight}}",
        },
        "paddingX": "{{primitives.space.md}}",
        "paddingY": "{{primitives.space.md}}",
        "textAlign": "left",
        "truncate": false,
        "verticalAlign": "middle",
      },
      "focus": Object {
        "background": "{{primitives.defaultVariant.state.focus.defaultSeverity.bg}}",
        "border": Object {
          "color": "{{primitives.defaultVariant.state.focus.defaultSeverity.border.color}}",
          "offset": "{{primitives.border.offset.none}}",
          "radius": "{{primitives.border.radius.none}}",
          "style": "{{primitives.defaultVariant.state.focus.defaultSeverity.border.style}}",
          "width": "{{primitives.border.width.none}}",
        },
        "color": "{{primitives.defaultVariant.state.focus.defaultSeverity.contrast}}",
      },
      "hover": Object {
        "background": "{{primitives.defaultVariant.state.hover.defaultSeverity.bg}}",
        "border": Object {
          "color": "{{primitives.defaultVariant.state.hover.defaultSeverity.border.color}}",
          "offset": "{{primitives.border.offset.none}}",
          "radius": "{{primitives.border.radius.none}}",
          "style": "{{primitives.defaultVariant.state.hover.defaultSeverity.border.style}}",
          "width": "{{primitives.border.width.none}}",
        },
        "color": "{{primitives.defaultVariant.state.hover.defaultSeverity.contrast}}",
      },
      "selected": Object {
        "background": "{{primitives.defaultVariant.state.selected.defaultSeverity.bg}}",
        "border": Object {
          "color": "{{primitives.defaultVariant.state.selected.defaultSeverity.border.color}}",
          "offset": "{{primitives.border.offset.none}}",
          "radius": "{{primitives.border.radius.none}}",
          "style": "{{primitives.defaultVariant.state.selected.defaultSeverity.border.style}}",
          "width": "{{primitives.border.width.none}}",
        },
        "color": "{{primitives.defaultVariant.state.selected.defaultSeverity.contrast}}",
      },
    },
    "color": "{{primitives.area.surface.defaultState.defaultSeverity.contrast}}",
    "font": Object {
      "family": "{{primitives.font.family}}",
      "letterSpacing": "{{primitives.font.letterSpacing}}",
      "lineHeight": "{{primitives.font.lineHeight}}",
      "size": "{{primitives.font.size}}",
      "style": "{{primitives.font.style}}",
      "weight": "{{primitives.font.weight}}",
    },
    "height": "2.5rem",
    "paddingX": "{{primitives.space.md}}",
    "paddingY": "{{primitives.space.md}}",
    "textAlign": "left",
  },
  "header": Object {
    "background": "{{primitives.area.surface.defaultState.defaultSeverity.bg}}",
    "border": Object {
      "color": "{{primitives.defaultVariant.defaultState.defaultSeverity.border.color}}",
      "offset": "{{primitives.border.offset.none}}",
      "radius": "{{primitives.border.radius.none}}",
      "style": "{{primitives.defaultVariant.defaultState.defaultSeverity.border.style}}",
      "width": "{{primitives.border.width.none}}",
    },
    "cell": Object {
      "active": Object {
        "background": "{{primitives.defaultVariant.state.active.defaultSeverity.bg}}",
        "border": Object {
          "color": "{{primitives.defaultVariant.state.active.defaultSeverity.border.color}}",
          "offset": "{{primitives.border.offset.none}}",
          "radius": "{{primitives.border.radius.none}}",
          "style": "{{primitives.defaultVariant.state.active.defaultSeverity.border.style}}",
          "width": "{{primitives.border.width.none}}",
        },
        "color": "{{primitives.defaultVariant.state.active.defaultSeverity.contrast}}",
      },
      "defaultState": Object {
        "background": "{{primitives.area.surface.defaultState.defaultSeverity.bg}}",
        "border": Object {
          "color": "{{primitives.defaultVariant.defaultState.defaultSeverity.border.color}}",
          "offset": "{{primitives.border.offset.none}}",
          "radius": "{{primitives.border.radius.none}}",
          "style": "{{primitives.defaultVariant.defaultState.defaultSeverity.border.style}}",
          "width": "{{primitives.border.width.none}}",
        },
        "color": "{{primitives.area.surface.defaultState.defaultSeverity.contrast}}",
        "font": Object {
          "family": "{{primitives.font.family}}",
          "letterSpacing": "{{primitives.font.letterSpacing}}",
          "lineHeight": "{{primitives.font.lineHeight}}",
          "size": "{{primitives.font.size}}",
          "style": "{{primitives.font.style}}",
          "weight": "{{primitives.font.weight}}",
        },
        "paddingX": "{{primitives.space.md}}",
        "paddingY": "{{primitives.space.md}}",
        "textAlign": "left",
        "truncate": false,
        "verticalAlign": "middle",
      },
      "focus": Object {
        "background": "{{primitives.defaultVariant.state.focus.defaultSeverity.bg}}",
        "border": Object {
          "color": "{{primitives.defaultVariant.state.focus.defaultSeverity.border.color}}",
          "offset": "{{primitives.border.offset.none}}",
          "radius": "{{primitives.border.radius.none}}",
          "style": "{{primitives.defaultVariant.state.focus.defaultSeverity.border.style}}",
          "width": "{{primitives.border.width.none}}",
        },
        "color": "{{primitives.defaultVariant.state.focus.defaultSeverity.contrast}}",
      },
      "hover": Object {
        "background": "{{primitives.defaultVariant.state.hover.defaultSeverity.bg}}",
        "border": Object {
          "color": "{{primitives.defaultVariant.state.hover.defaultSeverity.border.color}}",
          "offset": "{{primitives.border.offset.none}}",
          "radius": "{{primitives.border.radius.none}}",
          "style": "{{primitives.defaultVariant.state.hover.defaultSeverity.border.style}}",
          "width": "{{primitives.border.width.none}}",
        },
        "color": "{{primitives.defaultVariant.state.hover.defaultSeverity.contrast}}",
      },
      "selected": Object {
        "background": "{{primitives.defaultVariant.state.selected.defaultSeverity.bg}}",
        "border": Object {
          "color": "{{primitives.defaultVariant.state.selected.defaultSeverity.border.color}}",
          "offset": "{{primitives.border.offset.none}}",
          "radius": "{{primitives.border.radius.none}}",
          "style": "{{primitives.defaultVariant.state.selected.defaultSeverity.border.style}}",
          "width": "{{primitives.border.width.none}}",
        },
        "color": "{{primitives.defaultVariant.state.selected.defaultSeverity.contrast}}",
      },
    },
    "color": "{{primitives.area.surface.defaultState.defaultSeverity.contrast}}",
    "filterIcons": Object {
      "active": Object {
        "icon": Object {
          "color": "{{primitives.defaultVariant.state.active.defaultSeverity.contrast}}",
        },
      },
      "defaultState": Object {
        "icon": Object {
          "color": "{{primitives.defaultVariant.defaultState.defaultSeverity.contrast}}",
          "content": "",
          "size": "{{primitives.icon.sm}}",
          "url": "",
        },
        "offIcon": "onecx:filter-off",
        "onIcon": "onecx:filter-on",
      },
      "focus": Object {
        "icon": Object {
          "color": "{{primitives.defaultVariant.state.focus.defaultSeverity.contrast}}",
        },
      },
      "hover": Object {
        "icon": Object {
          "color": "{{primitives.defaultVariant.state.hover.defaultSeverity.contrast}}",
        },
      },
    },
    "font": Object {
      "family": "{{primitives.font.family}}",
      "letterSpacing": "{{primitives.font.letterSpacing}}",
      "lineHeight": "{{primitives.font.lineHeight}}",
      "size": "{{primitives.font.size}}",
      "style": "{{primitives.font.style}}",
      "weight": "{{primitives.font.weight}}",
    },
    "height": "2.5rem",
    "paddingX": "{{primitives.space.md}}",
    "paddingY": "{{primitives.space.md}}",
    "sortIcons": Object {
      "active": Object {
        "icon": Object {
          "color": "{{primitives.defaultVariant.state.active.defaultSeverity.contrast}}",
        },
      },
      "defaultState": Object {
        "ascendingIcon": "onecx:sort-ascending",
        "defaultIcon": "onecx:sort-default",
        "descendingIcon": "onecx:sort-descending",
        "icon": Object {
          "color": "{{primitives.defaultVariant.defaultState.defaultSeverity.contrast}}",
          "content": "",
          "size": "{{primitives.icon.sm}}",
          "url": "",
        },
      },
      "focus": Object {
        "icon": Object {
          "color": "{{primitives.defaultVariant.state.focus.defaultSeverity.contrast}}",
        },
      },
      "hover": Object {
        "icon": Object {
          "color": "{{primitives.defaultVariant.state.hover.defaultSeverity.contrast}}",
        },
      },
    },
    "textAlign": "left",
  },
  "row": Object {
    "active": Object {
      "background": "{{primitives.defaultVariant.state.active.defaultSeverity.bg}}",
      "border": Object {
        "color": "{{primitives.defaultVariant.state.active.defaultSeverity.border.color}}",
        "offset": "{{primitives.border.offset.none}}",
        "radius": "{{primitives.border.radius.none}}",
        "style": "{{primitives.defaultVariant.state.active.defaultSeverity.border.style}}",
        "width": "{{primitives.border.width.none}}",
      },
      "color": "{{primitives.defaultVariant.state.active.defaultSeverity.contrast}}",
    },
    "cell": Object {
      "active": Object {
        "background": "{{primitives.defaultVariant.state.active.defaultSeverity.bg}}",
        "border": Object {
          "color": "{{primitives.defaultVariant.state.active.defaultSeverity.border.color}}",
          "offset": "{{primitives.border.offset.none}}",
          "radius": "{{primitives.border.radius.none}}",
          "style": "{{primitives.defaultVariant.state.active.defaultSeverity.border.style}}",
          "width": "{{primitives.border.width.none}}",
        },
        "color": "{{primitives.defaultVariant.state.active.defaultSeverity.contrast}}",
      },
      "defaultState": Object {
        "background": "{{primitives.area.surface.defaultState.defaultSeverity.bg}}",
        "border": Object {
          "color": "{{primitives.defaultVariant.defaultState.defaultSeverity.border.color}}",
          "offset": "{{primitives.border.offset.none}}",
          "radius": "{{primitives.border.radius.none}}",
          "style": "{{primitives.defaultVariant.defaultState.defaultSeverity.border.style}}",
          "width": "{{primitives.border.width.none}}",
        },
        "color": "{{primitives.area.surface.defaultState.defaultSeverity.contrast}}",
        "font": Object {
          "family": "{{primitives.font.family}}",
          "letterSpacing": "{{primitives.font.letterSpacing}}",
          "lineHeight": "{{primitives.font.lineHeight}}",
          "size": "{{primitives.font.size}}",
          "style": "{{primitives.font.style}}",
          "weight": "{{primitives.font.weight}}",
        },
        "paddingX": "{{primitives.space.md}}",
        "paddingY": "{{primitives.space.md}}",
        "textAlign": "left",
        "truncate": false,
        "verticalAlign": "middle",
      },
      "focus": Object {
        "background": "{{primitives.defaultVariant.state.focus.defaultSeverity.bg}}",
        "border": Object {
          "color": "{{primitives.defaultVariant.state.focus.defaultSeverity.border.color}}",
          "offset": "{{primitives.border.offset.none}}",
          "radius": "{{primitives.border.radius.none}}",
          "style": "{{primitives.defaultVariant.state.focus.defaultSeverity.border.style}}",
          "width": "{{primitives.border.width.none}}",
        },
        "color": "{{primitives.defaultVariant.state.focus.defaultSeverity.contrast}}",
      },
      "hover": Object {
        "background": "{{primitives.defaultVariant.state.hover.defaultSeverity.bg}}",
        "border": Object {
          "color": "{{primitives.defaultVariant.state.hover.defaultSeverity.border.color}}",
          "offset": "{{primitives.border.offset.none}}",
          "radius": "{{primitives.border.radius.none}}",
          "style": "{{primitives.defaultVariant.state.hover.defaultSeverity.border.style}}",
          "width": "{{primitives.border.width.none}}",
        },
        "color": "{{primitives.defaultVariant.state.hover.defaultSeverity.contrast}}",
      },
      "selected": Object {
        "background": "{{primitives.defaultVariant.state.selected.defaultSeverity.bg}}",
        "border": Object {
          "color": "{{primitives.defaultVariant.state.selected.defaultSeverity.border.color}}",
          "offset": "{{primitives.border.offset.none}}",
          "radius": "{{primitives.border.radius.none}}",
          "style": "{{primitives.defaultVariant.state.selected.defaultSeverity.border.style}}",
          "width": "{{primitives.border.width.none}}",
        },
        "color": "{{primitives.defaultVariant.state.selected.defaultSeverity.contrast}}",
      },
    },
    "defaultState": Object {
      "background": "{{primitives.area.surface.defaultState.defaultSeverity.bg}}",
      "border": Object {
        "color": "{{primitives.defaultVariant.defaultState.defaultSeverity.border.color}}",
        "offset": "{{primitives.border.offset.none}}",
        "radius": "{{primitives.border.radius.none}}",
        "style": "{{primitives.defaultVariant.defaultState.defaultSeverity.border.style}}",
        "width": "{{primitives.border.width.none}}",
      },
      "color": "{{primitives.area.surface.defaultState.defaultSeverity.contrast}}",
      "font": Object {
        "family": "{{primitives.font.family}}",
        "letterSpacing": "{{primitives.font.letterSpacing}}",
        "lineHeight": "{{primitives.font.lineHeight}}",
        "size": "{{primitives.font.size}}",
        "style": "{{primitives.font.style}}",
        "weight": "{{primitives.font.weight}}",
      },
      "height": "2.5rem",
      "paddingX": "{{primitives.space.md}}",
      "paddingY": "{{primitives.space.md}}",
      "textAlign": "left",
    },
    "even": Object {
      "active": Object {
        "background": "{{primitives.defaultVariant.state.active.defaultSeverity.bg}}",
        "border": Object {
          "color": "{{primitives.defaultVariant.state.active.defaultSeverity.border.color}}",
          "offset": "{{primitives.border.offset.none}}",
          "radius": "{{primitives.border.radius.none}}",
          "style": "{{primitives.defaultVariant.state.active.defaultSeverity.border.style}}",
          "width": "{{primitives.border.width.none}}",
        },
        "color": "{{primitives.defaultVariant.state.active.defaultSeverity.contrast}}",
      },
      "cell": Object {
        "active": Object {
          "background": "{{primitives.defaultVariant.state.active.defaultSeverity.bg}}",
          "border": Object {
            "color": "{{primitives.defaultVariant.state.active.defaultSeverity.border.color}}",
            "offset": "{{primitives.border.offset.none}}",
            "radius": "{{primitives.border.radius.none}}",
            "style": "{{primitives.defaultVariant.state.active.defaultSeverity.border.style}}",
            "width": "{{primitives.border.width.none}}",
          },
          "color": "{{primitives.defaultVariant.state.active.defaultSeverity.contrast}}",
        },
        "defaultState": Object {
          "background": "{{primitives.area.surface.defaultState.defaultSeverity.bg}}",
          "border": Object {
            "color": "{{primitives.defaultVariant.defaultState.defaultSeverity.border.color}}",
            "offset": "{{primitives.border.offset.none}}",
            "radius": "{{primitives.border.radius.none}}",
            "style": "{{primitives.defaultVariant.defaultState.defaultSeverity.border.style}}",
            "width": "{{primitives.border.width.none}}",
          },
          "color": "{{primitives.area.surface.defaultState.defaultSeverity.contrast}}",
          "font": Object {
            "family": "{{primitives.font.family}}",
            "letterSpacing": "{{primitives.font.letterSpacing}}",
            "lineHeight": "{{primitives.font.lineHeight}}",
            "size": "{{primitives.font.size}}",
            "style": "{{primitives.font.style}}",
            "weight": "{{primitives.font.weight}}",
          },
          "paddingX": "{{primitives.space.md}}",
          "paddingY": "{{primitives.space.md}}",
          "textAlign": "left",
          "truncate": false,
          "verticalAlign": "middle",
        },
        "focus": Object {
          "background": "{{primitives.defaultVariant.state.focus.defaultSeverity.bg}}",
          "border": Object {
            "color": "{{primitives.defaultVariant.state.focus.defaultSeverity.border.color}}",
            "offset": "{{primitives.border.offset.none}}",
            "radius": "{{primitives.border.radius.none}}",
            "style": "{{primitives.defaultVariant.state.focus.defaultSeverity.border.style}}",
            "width": "{{primitives.border.width.none}}",
          },
          "color": "{{primitives.defaultVariant.state.focus.defaultSeverity.contrast}}",
        },
        "hover": Object {
          "background": "{{primitives.defaultVariant.state.hover.defaultSeverity.bg}}",
          "border": Object {
            "color": "{{primitives.defaultVariant.state.hover.defaultSeverity.border.color}}",
            "offset": "{{primitives.border.offset.none}}",
            "radius": "{{primitives.border.radius.none}}",
            "style": "{{primitives.defaultVariant.state.hover.defaultSeverity.border.style}}",
            "width": "{{primitives.border.width.none}}",
          },
          "color": "{{primitives.defaultVariant.state.hover.defaultSeverity.contrast}}",
        },
        "selected": Object {
          "background": "{{primitives.defaultVariant.state.selected.defaultSeverity.bg}}",
          "border": Object {
            "color": "{{primitives.defaultVariant.state.selected.defaultSeverity.border.color}}",
            "offset": "{{primitives.border.offset.none}}",
            "radius": "{{primitives.border.radius.none}}",
            "style": "{{primitives.defaultVariant.state.selected.defaultSeverity.border.style}}",
            "width": "{{primitives.border.width.none}}",
          },
          "color": "{{primitives.defaultVariant.state.selected.defaultSeverity.contrast}}",
        },
      },
      "defaultState": Object {
        "background": "{{primitives.area.surface.defaultState.defaultSeverity.bg}}",
        "border": Object {
          "color": "{{primitives.defaultVariant.defaultState.defaultSeverity.border.color}}",
          "offset": "{{primitives.border.offset.none}}",
          "radius": "{{primitives.border.radius.none}}",
          "style": "{{primitives.defaultVariant.defaultState.defaultSeverity.border.style}}",
          "width": "{{primitives.border.width.none}}",
        },
        "color": "{{primitives.area.surface.defaultState.defaultSeverity.contrast}}",
        "font": Object {
          "family": "{{primitives.font.family}}",
          "letterSpacing": "{{primitives.font.letterSpacing}}",
          "lineHeight": "{{primitives.font.lineHeight}}",
          "size": "{{primitives.font.size}}",
          "style": "{{primitives.font.style}}",
          "weight": "{{primitives.font.weight}}",
        },
        "height": "2.5rem",
        "paddingX": "{{primitives.space.md}}",
        "paddingY": "{{primitives.space.md}}",
        "textAlign": "left",
      },
      "hover": Object {
        "background": "{{primitives.defaultVariant.state.hover.defaultSeverity.bg}}",
        "border": Object {
          "color": "{{primitives.defaultVariant.state.hover.defaultSeverity.border.color}}",
          "offset": "{{primitives.border.offset.none}}",
          "radius": "{{primitives.border.radius.none}}",
          "style": "{{primitives.defaultVariant.state.hover.defaultSeverity.border.style}}",
          "width": "{{primitives.border.width.none}}",
        },
        "color": "{{primitives.defaultVariant.state.hover.defaultSeverity.contrast}}",
      },
      "selected": Object {
        "background": "{{primitives.defaultVariant.state.selected.defaultSeverity.bg}}",
        "border": Object {
          "color": "{{primitives.defaultVariant.state.selected.defaultSeverity.border.color}}",
          "offset": "{{primitives.border.offset.none}}",
          "radius": "{{primitives.border.radius.none}}",
          "style": "{{primitives.defaultVariant.state.selected.defaultSeverity.border.style}}",
          "width": "{{primitives.border.width.none}}",
        },
        "color": "{{primitives.defaultVariant.state.selected.defaultSeverity.contrast}}",
      },
    },
    "focusRing": Object {
      "color": "{{primitives.defaultVariant.defaultState.defaultSeverity.focusRing.color}}",
      "offset": "{{primitives.focusRing.offset.none}}",
      "radius": "{{primitives.focusRing.radius.none}}",
      "shadow": "{{primitives.focusRing.shadow.none}}",
      "style": "{{primitives.defaultVariant.defaultState.defaultSeverity.focusRing.style}}",
      "width": "{{primitives.focusRing.width.none}}",
    },
    "hover": Object {
      "background": "{{primitives.defaultVariant.state.hover.defaultSeverity.bg}}",
      "border": Object {
        "color": "{{primitives.defaultVariant.state.hover.defaultSeverity.border.color}}",
        "offset": "{{primitives.border.offset.none}}",
        "radius": "{{primitives.border.radius.none}}",
        "style": "{{primitives.defaultVariant.state.hover.defaultSeverity.border.style}}",
        "width": "{{primitives.border.width.none}}",
      },
      "color": "{{primitives.defaultVariant.state.hover.defaultSeverity.contrast}}",
    },
    "odd": Object {
      "active": Object {
        "background": "{{primitives.defaultVariant.state.active.defaultSeverity.bg}}",
        "border": Object {
          "color": "{{primitives.defaultVariant.state.active.defaultSeverity.border.color}}",
          "offset": "{{primitives.border.offset.none}}",
          "radius": "{{primitives.border.radius.none}}",
          "style": "{{primitives.defaultVariant.state.active.defaultSeverity.border.style}}",
          "width": "{{primitives.border.width.none}}",
        },
        "color": "{{primitives.defaultVariant.state.active.defaultSeverity.contrast}}",
      },
      "cell": Object {
        "active": Object {
          "background": "{{primitives.defaultVariant.state.active.defaultSeverity.bg}}",
          "border": Object {
            "color": "{{primitives.defaultVariant.state.active.defaultSeverity.border.color}}",
            "offset": "{{primitives.border.offset.none}}",
            "radius": "{{primitives.border.radius.none}}",
            "style": "{{primitives.defaultVariant.state.active.defaultSeverity.border.style}}",
            "width": "{{primitives.border.width.none}}",
          },
          "color": "{{primitives.defaultVariant.state.active.defaultSeverity.contrast}}",
        },
        "defaultState": Object {
          "background": "{{primitives.area.surface.defaultState.defaultSeverity.bg}}",
          "border": Object {
            "color": "{{primitives.defaultVariant.defaultState.defaultSeverity.border.color}}",
            "offset": "{{primitives.border.offset.none}}",
            "radius": "{{primitives.border.radius.none}}",
            "style": "{{primitives.defaultVariant.defaultState.defaultSeverity.border.style}}",
            "width": "{{primitives.border.width.none}}",
          },
          "color": "{{primitives.area.surface.defaultState.defaultSeverity.contrast}}",
          "font": Object {
            "family": "{{primitives.font.family}}",
            "letterSpacing": "{{primitives.font.letterSpacing}}",
            "lineHeight": "{{primitives.font.lineHeight}}",
            "size": "{{primitives.font.size}}",
            "style": "{{primitives.font.style}}",
            "weight": "{{primitives.font.weight}}",
          },
          "paddingX": "{{primitives.space.md}}",
          "paddingY": "{{primitives.space.md}}",
          "textAlign": "left",
          "truncate": false,
          "verticalAlign": "middle",
        },
        "focus": Object {
          "background": "{{primitives.defaultVariant.state.focus.defaultSeverity.bg}}",
          "border": Object {
            "color": "{{primitives.defaultVariant.state.focus.defaultSeverity.border.color}}",
            "offset": "{{primitives.border.offset.none}}",
            "radius": "{{primitives.border.radius.none}}",
            "style": "{{primitives.defaultVariant.state.focus.defaultSeverity.border.style}}",
            "width": "{{primitives.border.width.none}}",
          },
          "color": "{{primitives.defaultVariant.state.focus.defaultSeverity.contrast}}",
        },
        "hover": Object {
          "background": "{{primitives.defaultVariant.state.hover.defaultSeverity.bg}}",
          "border": Object {
            "color": "{{primitives.defaultVariant.state.hover.defaultSeverity.border.color}}",
            "offset": "{{primitives.border.offset.none}}",
            "radius": "{{primitives.border.radius.none}}",
            "style": "{{primitives.defaultVariant.state.hover.defaultSeverity.border.style}}",
            "width": "{{primitives.border.width.none}}",
          },
          "color": "{{primitives.defaultVariant.state.hover.defaultSeverity.contrast}}",
        },
        "selected": Object {
          "background": "{{primitives.defaultVariant.state.selected.defaultSeverity.bg}}",
          "border": Object {
            "color": "{{primitives.defaultVariant.state.selected.defaultSeverity.border.color}}",
            "offset": "{{primitives.border.offset.none}}",
            "radius": "{{primitives.border.radius.none}}",
            "style": "{{primitives.defaultVariant.state.selected.defaultSeverity.border.style}}",
            "width": "{{primitives.border.width.none}}",
          },
          "color": "{{primitives.defaultVariant.state.selected.defaultSeverity.contrast}}",
        },
      },
      "defaultState": Object {
        "background": "{{primitives.area.surface.defaultState.defaultSeverity.bg}}",
        "border": Object {
          "color": "{{primitives.defaultVariant.defaultState.defaultSeverity.border.color}}",
          "offset": "{{primitives.border.offset.none}}",
          "radius": "{{primitives.border.radius.none}}",
          "style": "{{primitives.defaultVariant.defaultState.defaultSeverity.border.style}}",
          "width": "{{primitives.border.width.none}}",
        },
        "color": "{{primitives.area.surface.defaultState.defaultSeverity.contrast}}",
        "font": Object {
          "family": "{{primitives.font.family}}",
          "letterSpacing": "{{primitives.font.letterSpacing}}",
          "lineHeight": "{{primitives.font.lineHeight}}",
          "size": "{{primitives.font.size}}",
          "style": "{{primitives.font.style}}",
          "weight": "{{primitives.font.weight}}",
        },
        "height": "2.5rem",
        "paddingX": "{{primitives.space.md}}",
        "paddingY": "{{primitives.space.md}}",
        "textAlign": "left",
      },
      "hover": Object {
        "background": "{{primitives.defaultVariant.state.hover.defaultSeverity.bg}}",
        "border": Object {
          "color": "{{primitives.defaultVariant.state.hover.defaultSeverity.border.color}}",
          "offset": "{{primitives.border.offset.none}}",
          "radius": "{{primitives.border.radius.none}}",
          "style": "{{primitives.defaultVariant.state.hover.defaultSeverity.border.style}}",
          "width": "{{primitives.border.width.none}}",
        },
        "color": "{{primitives.defaultVariant.state.hover.defaultSeverity.contrast}}",
      },
      "selected": Object {
        "background": "{{primitives.defaultVariant.state.selected.defaultSeverity.bg}}",
        "border": Object {
          "color": "{{primitives.defaultVariant.state.selected.defaultSeverity.border.color}}",
          "offset": "{{primitives.border.offset.none}}",
          "radius": "{{primitives.border.radius.none}}",
          "style": "{{primitives.defaultVariant.state.selected.defaultSeverity.border.style}}",
          "width": "{{primitives.border.width.none}}",
        },
        "color": "{{primitives.defaultVariant.state.selected.defaultSeverity.contrast}}",
      },
    },
    "selected": Object {
      "background": "{{primitives.defaultVariant.state.selected.defaultSeverity.bg}}",
      "border": Object {
        "color": "{{primitives.defaultVariant.state.selected.defaultSeverity.border.color}}",
        "offset": "{{primitives.border.offset.none}}",
        "radius": "{{primitives.border.radius.none}}",
        "style": "{{primitives.defaultVariant.state.selected.defaultSeverity.border.style}}",
        "width": "{{primitives.border.width.none}}",
      },
      "color": "{{primitives.defaultVariant.state.selected.defaultSeverity.contrast}}",
    },
  },
  "settings": Object {
    "actionColumnPosition": "end",
    "actionColumnSticky": false,
    "checkboxColumnPosition": "start",
  },
}
`;
