// Jest Snapshot v1, https://jestjs.io/docs/snapshot-testing

exports[`interactive-data-view schema resolves the expected default token tree 1`] = `
Object {
  "background": "{{primitives.defaultVariant.defaultState.defaultSeverity.bg}}",
  "border": Object {
    "color": "{{primitives.defaultVariant.defaultState.defaultSeverity.border.color}}",
    "width": "{{primitives.border.width.none}}",
  },
  "color": "{{primitives.defaultVariant.defaultState.defaultSeverity.contrast}}",
  "dataListGridSorting": Object {
    "background": "{{primitives.defaultVariant.defaultState.defaultSeverity.bg}}",
    "border": Object {
      "color": "{{primitives.defaultVariant.defaultState.defaultSeverity.border.color}}",
      "radius": "{{primitives.radius.sm}}",
      "width": "{{primitives.border.width.none}}",
    },
    "button": Object {
      "border": Object {
        "color": "{{primitives.defaultVariant.defaultState.defaultSeverity.border.color}}",
        "offset": "{{primitives.border.offset.none}}",
        "radius": "{{primitives.border.radius.none}}",
        "style": "{{primitives.defaultVariant.defaultState.defaultSeverity.border.style}}",
        "width": "{{primitives.border.width.none}}",
      },
      "focus": Object {
        "border": Object {
          "color": "{{primitives.defaultVariant.state.focus.defaultSeverity.border.color}}",
          "offset": "{{primitives.border.offset.none}}",
          "radius": "{{primitives.border.radius.none}}",
          "style": "{{primitives.defaultVariant.state.focus.defaultSeverity.border.style}}",
          "width": "{{primitives.border.width.none}}",
        },
        "focusRing": Object {
          "color": "{{primitives.defaultVariant.defaultState.defaultSeverity.focusRing.color}}",
          "offset": "{{primitives.focusRing.offset.none}}",
          "radius": "{{primitives.focusRing.radius.none}}",
          "shadow": "{{primitives.focusRing.shadow.none}}",
          "style": "{{primitives.defaultVariant.defaultState.defaultSeverity.focusRing.style}}",
          "width": "{{primitives.focusRing.width.none}}",
        },
      },
      "focusRing": Object {
        "color": "{{primitives.defaultVariant.defaultState.defaultSeverity.focusRing.color}}",
        "offset": "{{primitives.focusRing.offset.none}}",
        "radius": "{{primitives.focusRing.radius.none}}",
        "shadow": "{{primitives.focusRing.shadow.none}}",
        "style": "{{primitives.defaultVariant.defaultState.defaultSeverity.focusRing.style}}",
        "width": "{{primitives.focusRing.width.none}}",
      },
      "hover": Object {
        "border": Object {
          "color": "{{primitives.defaultVariant.state.hover.defaultSeverity.border.color}}",
          "offset": "{{primitives.border.offset.none}}",
          "radius": "{{primitives.border.radius.none}}",
          "style": "{{primitives.defaultVariant.state.hover.defaultSeverity.border.style}}",
          "width": "{{primitives.border.width.none}}",
        },
        "icon": Object {
          "color": "{{primitives.defaultVariant.state.hover.defaultSeverity.contrast}}",
        },
      },
      "icon": Object {
        "color": "{{primitives.defaultVariant.defaultState.defaultSeverity.contrast}}",
        "content": "",
        "size": "{{primitives.iconSizes.sm}}",
        "url": "",
      },
    },
    "gap": "{{primitives.space.md}}",
    "paddingX": "{{primitives.space.sm}}",
    "paddingY": "{{primitives.space.sm}}",
  },
  "filterView": Object {
    "background": "{{primitives.defaultVariant.defaultState.defaultSeverity.bg}}",
    "border": Object {
      "color": "{{primitives.defaultVariant.defaultState.defaultSeverity.border.color}}",
      "width": "{{primitives.border.width.none}}",
    },
    "color": "{{primitives.defaultVariant.defaultState.defaultSeverity.contrast}}",
    "gap": "{{primitives.space.md}}",
    "paddingX": "{{primitives.space.sm}}",
    "paddingY": "{{primitives.space.sm}}",
    "settings": Object {
      "filterViewDisplayMode": "button",
      "filterViewEnabled": false,
      "maxDisplayedChips": 3,
    },
  },
  "gap": "{{primitives.space.md}}",
  "paddingX": "{{primitives.space.sm}}",
  "paddingY": "{{primitives.space.sm}}",
  "settings": Object {
    "allowSelectAll": true,
    "checkboxColumnPosition": "start",
    "emptyResultsMessage": "",
    "layout": "table",
    "pageSizes": Array [
      10,
      25,
      50,
    ],
    "paginator": true,
    "sortDirection": "NONE",
  },
}
`;
